============================= test session starts =============================
platform win32 -- Python 3.13.5, pytest-8.4.1, pluggy-1.6.0
rootdir: C:\pantalla\Pantalla_reloj
plugins: anyio-4.9.0, langsmith-0.3.15, asyncio-1.0.0
asyncio: mode=Mode.STRICT, asyncio_default_fixture_loop_scope=None, asyncio_default_test_loop_scope=function
collected 3 items

backend\tests\test_calendar_endpoint.py FFF                              [100%]

================================== FAILURES ===================================
________________ test_calendar_disabled_returns_clean_payload _________________

app_module = (<module 'backend.main' from 'C:\\pantalla\\Pantalla_reloj\\backend\\main.py'>, WindowsPath('C:/Users/VORPC/AppData/Local/Temp/pytest-of-VORPC/pytest-6/test_calendar_disabled_returns0/state/config.json'))

    def test_calendar_disabled_returns_clean_payload(app_module: Tuple[object, object]) -> None:
        module, _ = app_module
        client = TestClient(module.app)
    
>       _disable_calendar(client)

backend\tests\test_calendar_endpoint.py:42: 
_ _ _ _ _ _ _ _ _ _ _ _ _ _ _ _ _ _ _ _ _ _ _ _ _ _ _ _ _ _ _ _ _ _ _ _ _ _ _ _

client = <starlette.testclient.TestClient object at 0x000001E5FECFB8C0>

    def _disable_calendar(client: TestClient) -> None:
        payload = client.get("/api/config").json()
        calendar_block = payload.setdefault("calendar", {})
        calendar_block.update({"enabled": False, "provider": None})
        panels = payload.setdefault("panels", {})
        panels.setdefault("calendar", {})["enabled"] = False
        panels["calendar"]["provider"] = None
        response = client.post("/api/config", json=payload)
>       assert response.status_code == 200, response.text
E       AssertionError: {"detail":{"error":"config write failed"}}
E       assert 500 == 200
E        +  where 500 = <Response [500 Internal Server Error]>.status_code

backend\tests\test_calendar_endpoint.py:35: AssertionError
---------------------------- Captured stderr setup ----------------------------
2025-11-21 12:30:46 [INFO] pantalla.backend.config - Using default config path: \var\lib\pantalla-reloj\config.json
2025-11-21 12:30:46 [INFO] pantalla.backend.config - [config] Loaded config from \var\lib\pantalla-reloj\config.json
2025-11-21 12:30:51 [INFO] pantalla.backend.config - Using default config path: \var\lib\pantalla-reloj\config.json
2025-11-21 12:30:51 [INFO] pantalla.backend.config - [config] Loaded config from \var\lib\pantalla-reloj\config.json
----------------------------- Captured log setup ------------------------------
INFO     pantalla.backend.config:config_manager.py:50 Using default config path: \var\lib\pantalla-reloj\config.json
INFO     pantalla.backend.config:config_manager.py:104 [config] Loaded config from \var\lib\pantalla-reloj\config.json
INFO     pantalla.backend.config:config_manager.py:50 Using default config path: \var\lib\pantalla-reloj\config.json
INFO     pantalla.backend.config:config_manager.py:104 [config] Loaded config from \var\lib\pantalla-reloj\config.json
---------------------------- Captured stderr call -----------------------------
2025-11-21 12:30:55 [INFO] pantalla.backend - Fetching configuration from disk
2025-11-21 12:30:55 [INFO] pantalla.backend - [Config] maps was null or missing; applying defaults
2025-11-21 12:30:55 [INFO] pantalla.backend - [Config] Migrating radar config from ui_global.radar to layers.global.radar
2025-11-21 12:30:55 [INFO] pantalla.backend - [Config] maps was null or missing; applying defaults
2025-11-21 12:30:55 [INFO] pantalla.backend - [Config] maps was null or missing; applying defaults
2025-11-21 12:30:55 [INFO] pantalla.backend - [Config] Migrating radar config from ui_global.radar to layers.global.radar
2025-11-21 12:30:55 [WARNING] pantalla.backend - [config] Ignoring ephemeral fields from payload: config_path, config_source, has_timezone
2025-11-21 12:30:55 [INFO] pantalla.backend - [config] Detected changes in ui_map.maptiler (api_key or styleUrl)
2025-11-21 12:30:55 [INFO] pantalla.backend - [config] Received POST /api/config
2025-11-21 12:30:55 [INFO] pantalla.backend - [config] Performing deep-merge with current config (partial patch)
2025-11-21 12:30:55 [INFO] pantalla.backend - [config] Validating and normalizing MapTiler URLs
2025-11-21 12:30:55 [INFO] pantalla.backend - [maptiler] Secret synchronized from ui_map.maptiler.api_key (length=20)
2025-11-21 12:30:55 [INFO] pantalla.backend - [Config] maps was null or missing; applying defaults
2025-11-21 12:30:55 [INFO] pantalla.backend - [Config] Migrating radar config from ui_global.radar to layers.global.radar
2025-11-21 12:30:55 [INFO] pantalla.backend - [config] Will save config to \var\lib\pantalla-reloj\config.json (size=6388 bytes)
2025-11-21 12:30:55 [ERROR] pantalla.backend.config_store - [config] Failed to write config atomically: final=C:\var\lib\pantalla-reloj\config.json, tmp=C:\var\lib\pantalla-reloj\.config.json.tmp-19544-1763724655703206, type=PermissionError, msg=[Errno 13] Permission denied: 'C:\\var\\lib\\pantalla-reloj'
Traceback (most recent call last):
  File "C:\pantalla\Pantalla_reloj\backend\config_store.py", line 321, in write_config_atomic
    dir_fd = os.open(str(config_path.parent), os.O_RDONLY)
PermissionError: [Errno 13] Permission denied: 'C:\\var\\lib\\pantalla-reloj'

------------------------------ Captured log call ------------------------------
INFO     pantalla.backend:main.py:3660 Fetching configuration from disk
INFO     pantalla.backend:main.py:1042 [Config] maps was null or missing; applying defaults
INFO     pantalla.backend:main.py:1128 [Config] Migrating radar config from ui_global.radar to layers.global.radar
INFO     pantalla.backend:main.py:1042 [Config] maps was null or missing; applying defaults
INFO     pantalla.backend:main.py:1042 [Config] maps was null or missing; applying defaults
INFO     pantalla.backend:main.py:1128 [Config] Migrating radar config from ui_global.radar to layers.global.radar
WARNING  pantalla.backend:main.py:3938 [config] Ignoring ephemeral fields from payload: config_path, config_source, has_timezone
INFO     pantalla.backend:main.py:4329 [config] Detected changes in ui_map.maptiler (api_key or styleUrl)
INFO     pantalla.backend:main.py:4332 [config] Received POST /api/config
INFO     pantalla.backend:main.py:4360 [config] Performing deep-merge with current config (partial patch)
INFO     pantalla.backend:main.py:4373 [config] Validating and normalizing MapTiler URLs
INFO     pantalla.backend:main.py:4388 [maptiler] Secret synchronized from ui_map.maptiler.api_key (length=20)
INFO     pantalla.backend:main.py:1042 [Config] maps was null or missing; applying defaults
INFO     pantalla.backend:main.py:1128 [Config] Migrating radar config from ui_global.radar to layers.global.radar
INFO     pantalla.backend:main.py:4551 [config] Will save config to \var\lib\pantalla-reloj\config.json (size=6388 bytes)
ERROR    pantalla.backend.config_store:config_store.py:360 [config] Failed to write config atomically: final=C:\var\lib\pantalla-reloj\config.json, tmp=C:\var\lib\pantalla-reloj\.config.json.tmp-19544-1763724655703206, type=PermissionError, msg=[Errno 13] Permission denied: 'C:\\var\\lib\\pantalla-reloj'
Traceback (most recent call last):
  File "C:\pantalla\Pantalla_reloj\backend\config_store.py", line 321, in write_config_atomic
    dir_fd = os.open(str(config_path.parent), os.O_RDONLY)
PermissionError: [Errno 13] Permission denied: 'C:\\var\\lib\\pantalla-reloj'
_____________ test_calendar_error_when_google_credentials_missing _____________

app_module = (<module 'backend.main' from 'C:\\pantalla\\Pantalla_reloj\\backend\\main.py'>, WindowsPath('C:/Users/VORPC/AppData/Local/Temp/pytest-of-VORPC/pytest-6/test_calendar_error_when_googl0/state/config.json'))

    def test_calendar_error_when_google_credentials_missing(
        app_module: Tuple[object, object]
    ) -> None:
        module, _ = app_module
        client = TestClient(module.app)
    
>       _enable_google_calendar(client, module)

backend\tests\test_calendar_endpoint.py:61: 
_ _ _ _ _ _ _ _ _ _ _ _ _ _ _ _ _ _ _ _ _ _ _ _ _ _ _ _ _ _ _ _ _ _ _ _ _ _ _ _

client = <starlette.testclient.TestClient object at 0x000001E5800F8190>
module = <module 'backend.main' from 'C:\\pantalla\\Pantalla_reloj\\backend\\main.py'>
api_key = 'TESTKEY', calendar_id = 'example@calendar'

    def _enable_google_calendar(
        client: TestClient,
        module: object,
        api_key: str = "TESTKEY",
        calendar_id: str = "example@calendar"
    ) -> None:
        payload = client.get("/api/config").json()
        calendar_block = payload.setdefault("calendar", {})
        calendar_block.update({"enabled": True, "provider": "google"})
        panels = payload.setdefault("panels", {})
        panels.setdefault("calendar", {})["enabled"] = True
        panels["calendar"]["provider"] = "google"
    
        # Set secrets via SecretStore
        module.secret_store.set_secret("google_calendar_api_key", api_key)
        module.secret_store.set_secret("google_calendar_id", calendar_id)
    
        response = client.post("/api/config", json=payload)
>       assert response.status_code == 200, response.text
E       AssertionError: {"detail":{"error":"Calendar provider 'google' requires api_key and calendar_id","missing":["secrets.google.api_key","secrets.google.calendar_id"],"tip":"Desactiva calendar o rellena secrets.google.api_key y secrets.google.calendar_id"}}
E       assert 400 == 200
E        +  where 400 = <Response [400 Bad Request]>.status_code

backend\tests\test_calendar_endpoint.py:24: AssertionError
---------------------------- Captured stderr setup ----------------------------
2025-11-21 12:30:56 [INFO] pantalla.backend.config - Using default config path: \var\lib\pantalla-reloj\config.json
2025-11-21 12:30:56 [INFO] pantalla.backend.config - [config] Loaded config from \var\lib\pantalla-reloj\config.json
----------------------------- Captured log setup ------------------------------
INFO     pantalla.backend.config:config_manager.py:50 Using default config path: \var\lib\pantalla-reloj\config.json
INFO     pantalla.backend.config:config_manager.py:104 [config] Loaded config from \var\lib\pantalla-reloj\config.json
---------------------------- Captured stderr call -----------------------------
2025-11-21 12:31:00 [INFO] pantalla.backend - Fetching configuration from disk
2025-11-21 12:31:00 [INFO] pantalla.backend - [Config] maps was null or missing; applying defaults
2025-11-21 12:31:00 [INFO] pantalla.backend - [Config] Migrating radar config from ui_global.radar to layers.global.radar
2025-11-21 12:31:00 [INFO] pantalla.backend - [Config] maps was null or missing; applying defaults
2025-11-21 12:31:00 [INFO] pantalla.backend - [Config] maps was null or missing; applying defaults
2025-11-21 12:31:00 [INFO] pantalla.backend - [Config] Migrating radar config from ui_global.radar to layers.global.radar
2025-11-21 12:31:00 [WARNING] pantalla.backend - [config] Ignoring ephemeral fields from payload: config_path, config_source, has_timezone
2025-11-21 12:31:00 [INFO] pantalla.backend - [config] Detected changes in ui_map.maptiler (api_key or styleUrl)
2025-11-21 12:31:00 [INFO] pantalla.backend - [config] Received POST /api/config
2025-11-21 12:31:00 [INFO] pantalla.backend - [config] Performing deep-merge with current config (partial patch)
2025-11-21 12:31:00 [INFO] pantalla.backend - [config] Validating and normalizing MapTiler URLs
2025-11-21 12:31:00 [INFO] pantalla.backend - [maptiler] Secret synchronized from ui_map.maptiler.api_key (length=20)
2025-11-21 12:31:00 [INFO] pantalla.backend - [Config] maps was null or missing; applying defaults
2025-11-21 12:31:00 [INFO] pantalla.backend - [Config] Migrating radar config from ui_global.radar to layers.global.radar
2025-11-21 12:31:00 [WARNING] pantalla.backend - [config] Provider google requires credentials (missing=secrets.google.api_key, secrets.google.calendar_id)
------------------------------ Captured log call ------------------------------
INFO     pantalla.backend:main.py:3660 Fetching configuration from disk
INFO     pantalla.backend:main.py:1042 [Config] maps was null or missing; applying defaults
INFO     pantalla.backend:main.py:1128 [Config] Migrating radar config from ui_global.radar to layers.global.radar
INFO     pantalla.backend:main.py:1042 [Config] maps was null or missing; applying defaults
INFO     pantalla.backend:main.py:1042 [Config] maps was null or missing; applying defaults
INFO     pantalla.backend:main.py:1128 [Config] Migrating radar config from ui_global.radar to layers.global.radar
WARNING  pantalla.backend:main.py:3938 [config] Ignoring ephemeral fields from payload: config_path, config_source, has_timezone
INFO     pantalla.backend:main.py:4329 [config] Detected changes in ui_map.maptiler (api_key or styleUrl)
INFO     pantalla.backend:main.py:4332 [config] Received POST /api/config
INFO     pantalla.backend:main.py:4360 [config] Performing deep-merge with current config (partial patch)
INFO     pantalla.backend:main.py:4373 [config] Validating and normalizing MapTiler URLs
INFO     pantalla.backend:main.py:4388 [maptiler] Secret synchronized from ui_map.maptiler.api_key (length=20)
INFO     pantalla.backend:main.py:1042 [Config] maps was null or missing; applying defaults
INFO     pantalla.backend:main.py:1128 [Config] Migrating radar config from ui_global.radar to layers.global.radar
WARNING  pantalla.backend:main.py:4511 [config] Provider google requires credentials (missing=secrets.google.api_key, secrets.google.calendar_id)
___________________ test_calendar_handles_provider_failure ____________________

app_module = (<module 'backend.main' from 'C:\\pantalla\\Pantalla_reloj\\backend\\main.py'>, WindowsPath('C:/Users/VORPC/AppData/Local/Temp/pytest-of-VORPC/pytest-6/test_calendar_handles_provider0/state/config.json'))
monkeypatch = <_pytest.monkeypatch.MonkeyPatch object at 0x000001E58042B1D0>

    def test_calendar_handles_provider_failure(
        app_module: Tuple[object, object], monkeypatch
    ) -> None:
        module, _ = app_module
        client = TestClient(module.app)
    
>       _enable_google_calendar(client, module)

backend\tests\test_calendar_endpoint.py:81: 
_ _ _ _ _ _ _ _ _ _ _ _ _ _ _ _ _ _ _ _ _ _ _ _ _ _ _ _ _ _ _ _ _ _ _ _ _ _ _ _

client = <starlette.testclient.TestClient object at 0x000001E58047D6D0>
module = <module 'backend.main' from 'C:\\pantalla\\Pantalla_reloj\\backend\\main.py'>
api_key = 'TESTKEY', calendar_id = 'example@calendar'

    def _enable_google_calendar(
        client: TestClient,
        module: object,
        api_key: str = "TESTKEY",
        calendar_id: str = "example@calendar"
    ) -> None:
        payload = client.get("/api/config").json()
        calendar_block = payload.setdefault("calendar", {})
        calendar_block.update({"enabled": True, "provider": "google"})
        panels = payload.setdefault("panels", {})
        panels.setdefault("calendar", {})["enabled"] = True
        panels["calendar"]["provider"] = "google"
    
        # Set secrets via SecretStore
        module.secret_store.set_secret("google_calendar_api_key", api_key)
        module.secret_store.set_secret("google_calendar_id", calendar_id)
    
        response = client.post("/api/config", json=payload)
>       assert response.status_code == 200, response.text
E       AssertionError: {"detail":{"error":"Calendar provider 'google' requires api_key and calendar_id","missing":["secrets.google.api_key","secrets.google.calendar_id"],"tip":"Desactiva calendar o rellena secrets.google.api_key y secrets.google.calendar_id"}}
E       assert 400 == 200
E        +  where 400 = <Response [400 Bad Request]>.status_code

backend\tests\test_calendar_endpoint.py:24: AssertionError
---------------------------- Captured stderr setup ----------------------------
2025-11-21 12:31:00 [INFO] pantalla.backend.config - Using default config path: \var\lib\pantalla-reloj\config.json
2025-11-21 12:31:00 [INFO] pantalla.backend.config - [config] Loaded config from \var\lib\pantalla-reloj\config.json
----------------------------- Captured log setup ------------------------------
INFO     pantalla.backend.config:config_manager.py:50 Using default config path: \var\lib\pantalla-reloj\config.json
INFO     pantalla.backend.config:config_manager.py:104 [config] Loaded config from \var\lib\pantalla-reloj\config.json
---------------------------- Captured stderr call -----------------------------
2025-11-21 12:31:04 [INFO] pantalla.backend - Fetching configuration from disk
2025-11-21 12:31:04 [INFO] pantalla.backend - [Config] maps was null or missing; applying defaults
2025-11-21 12:31:04 [INFO] pantalla.backend - [Config] Migrating radar config from ui_global.radar to layers.global.radar
2025-11-21 12:31:04 [INFO] pantalla.backend - [Config] maps was null or missing; applying defaults
2025-11-21 12:31:04 [INFO] pantalla.backend - [Config] maps was null or missing; applying defaults
2025-11-21 12:31:04 [INFO] pantalla.backend - [Config] Migrating radar config from ui_global.radar to layers.global.radar
2025-11-21 12:31:04 [WARNING] pantalla.backend - [config] Ignoring ephemeral fields from payload: config_path, config_source, has_timezone
2025-11-21 12:31:04 [INFO] pantalla.backend - [config] Detected changes in ui_map.maptiler (api_key or styleUrl)
2025-11-21 12:31:04 [INFO] pantalla.backend - [config] Received POST /api/config
2025-11-21 12:31:04 [INFO] pantalla.backend - [config] Performing deep-merge with current config (partial patch)
2025-11-21 12:31:04 [INFO] pantalla.backend - [config] Validating and normalizing MapTiler URLs
2025-11-21 12:31:04 [INFO] pantalla.backend - [maptiler] Secret synchronized from ui_map.maptiler.api_key (length=20)
2025-11-21 12:31:04 [INFO] pantalla.backend - [Config] maps was null or missing; applying defaults
2025-11-21 12:31:04 [INFO] pantalla.backend - [Config] Migrating radar config from ui_global.radar to layers.global.radar
2025-11-21 12:31:04 [WARNING] pantalla.backend - [config] Provider google requires credentials (missing=secrets.google.api_key, secrets.google.calendar_id)
------------------------------ Captured log call ------------------------------
INFO     pantalla.backend:main.py:3660 Fetching configuration from disk
INFO     pantalla.backend:main.py:1042 [Config] maps was null or missing; applying defaults
INFO     pantalla.backend:main.py:1128 [Config] Migrating radar config from ui_global.radar to layers.global.radar
INFO     pantalla.backend:main.py:1042 [Config] maps was null or missing; applying defaults
INFO     pantalla.backend:main.py:1042 [Config] maps was null or missing; applying defaults
INFO     pantalla.backend:main.py:1128 [Config] Migrating radar config from ui_global.radar to layers.global.radar
WARNING  pantalla.backend:main.py:3938 [config] Ignoring ephemeral fields from payload: config_path, config_source, has_timezone
INFO     pantalla.backend:main.py:4329 [config] Detected changes in ui_map.maptiler (api_key or styleUrl)
INFO     pantalla.backend:main.py:4332 [config] Received POST /api/config
INFO     pantalla.backend:main.py:4360 [config] Performing deep-merge with current config (partial patch)
INFO     pantalla.backend:main.py:4373 [config] Validating and normalizing MapTiler URLs
INFO     pantalla.backend:main.py:4388 [maptiler] Secret synchronized from ui_map.maptiler.api_key (length=20)
INFO     pantalla.backend:main.py:1042 [Config] maps was null or missing; applying defaults
INFO     pantalla.backend:main.py:1128 [Config] Migrating radar config from ui_global.radar to layers.global.radar
WARNING  pantalla.backend:main.py:4511 [config] Provider google requires credentials (missing=secrets.google.api_key, secrets.google.calendar_id)
============================== warnings summary ===============================
backend/tests/test_calendar_endpoint.py::test_calendar_disabled_returns_clean_payload
  C:\pantalla\Pantalla_reloj\backend\services\ships_service.py:17: DeprecationWarning: websockets.client.WebSocketClientProtocol is deprecated
    from websockets.client import WebSocketClientProtocol

backend/tests/test_calendar_endpoint.py::test_calendar_disabled_returns_clean_payload
  C:\Users\VORPC\AppData\Local\Programs\Python\Python313\Lib\site-packages\websockets\legacy\__init__.py:6: DeprecationWarning: websockets.legacy is deprecated; see https://websockets.readthedocs.io/en/stable/howto/upgrade.html for upgrade instructions
    warnings.warn(  # deprecated in 14.0 - 2024-11-09

backend/tests/test_calendar_endpoint.py::test_calendar_disabled_returns_clean_payload
backend/tests/test_calendar_endpoint.py::test_calendar_disabled_returns_clean_payload
backend/tests/test_calendar_endpoint.py::test_calendar_error_when_google_credentials_missing
backend/tests/test_calendar_endpoint.py::test_calendar_handles_provider_failure
  C:\pantalla\Pantalla_reloj\backend\main.py:400: DeprecationWarning: 
          on_event is deprecated, use lifespan event handlers instead.
  
          Read more about it in the
          [FastAPI docs for Lifespan Events](https://fastapi.tiangolo.com/advanced/events/).
          
    @app.on_event("startup")

backend/tests/test_calendar_endpoint.py: 12 warnings
  C:\Users\VORPC\AppData\Local\Programs\Python\Python313\Lib\site-packages\fastapi\applications.py:4575: DeprecationWarning: 
          on_event is deprecated, use lifespan event handlers instead.
  
          Read more about it in the
          [FastAPI docs for Lifespan Events](https://fastapi.tiangolo.com/advanced/events/).
          
    return self.router.on_event(event_type)

backend/tests/test_calendar_endpoint.py::test_calendar_disabled_returns_clean_payload
backend/tests/test_calendar_endpoint.py::test_calendar_disabled_returns_clean_payload
backend/tests/test_calendar_endpoint.py::test_calendar_error_when_google_credentials_missing
backend/tests/test_calendar_endpoint.py::test_calendar_handles_provider_failure
  C:\pantalla\Pantalla_reloj\backend\main.py:409: DeprecationWarning: 
          on_event is deprecated, use lifespan event handlers instead.
  
          Read more about it in the
          [FastAPI docs for Lifespan Events](https://fastapi.tiangolo.com/advanced/events/).
          
    @app.on_event("shutdown")

backend/tests/test_calendar_endpoint.py::test_calendar_disabled_returns_clean_payload
backend/tests/test_calendar_endpoint.py::test_calendar_disabled_returns_clean_payload
backend/tests/test_calendar_endpoint.py::test_calendar_error_when_google_credentials_missing
backend/tests/test_calendar_endpoint.py::test_calendar_handles_provider_failure
  C:\pantalla\Pantalla_reloj\backend\main.py:11405: DeprecationWarning: 
          on_event is deprecated, use lifespan event handlers instead.
  
          Read more about it in the
          [FastAPI docs for Lifespan Events](https://fastapi.tiangolo.com/advanced/events/).
          
    @app.on_event("startup")

-- Docs: https://docs.pytest.org/en/stable/how-to/capture-warnings.html
=========================== short test summary info ===========================
FAILED backend/tests/test_calendar_endpoint.py::test_calendar_disabled_returns_clean_payload
FAILED backend/tests/test_calendar_endpoint.py::test_calendar_error_when_google_credentials_missing
FAILED backend/tests/test_calendar_endpoint.py::test_calendar_handles_provider_failure
======================= 3 failed, 26 warnings in 19.63s =======================
